src/components/editors/TableCreator.tsx(5,10): error TS2300: Duplicate identifier 'PendingChange'.
src/components/editors/TableCreator.tsx(31,10): error TS2300: Duplicate identifier 'PendingChange'.
src/components/editors/TableCreator.tsx(50,169): error TS6133: 'tabId' is declared but its value is never read.
src/components/layout/ChangelogSidebar.tsx(106,43): error TS6133: 'schemaColor' is declared but its value is never read.
src/components/MainInterface.tsx(4,22): error TS6133: 'PendingChange' is declared but its value is never read.
src/components/MainLayout.tsx(174,14): error TS2739: Type '{}' is missing the following properties from type 'ToastContainerProps': toasts, onDismiss
src/components/MainLayout.tsx(201,21): error TS2322: Type '(zoom: number) => void' is not assignable to type 'Dispatch<SetStateAction<number>>'.
  Types of parameters 'zoom' and 'value' are incompatible.
    Type 'SetStateAction<number>' is not assignable to type 'number'.
      Type '(prevState: number) => number' is not assignable to type 'number'.
src/components/MainLayout.tsx(366,29): error TS2322: Type '(show: boolean) => void' is not assignable to type 'Dispatch<SetStateAction<boolean>>'.
  Types of parameters 'show' and 'value' are incompatible.
    Type 'SetStateAction<boolean>' is not assignable to type 'boolean'.
      Type '(prevState: boolean) => boolean' is not assignable to type 'boolean'.
src/components/WelcomeScreen.tsx(18,12): error TS6133: 'editId' is declared but its value is never read.
src/hooks/useChangeManager.ts(118,49): error TS6133: 'tabId' is declared but its value is never read.
src/hooks/useDatabaseRegistry.ts(2,51): error TS6133: 'SavedQuery' is declared but its value is never read.
src/hooks/useDatabaseRegistry.ts(2,63): error TS6133: 'SavedFunction' is declared but its value is never read.
src/hooks/useDatabaseRegistry.ts(20,26): error TS6133: 'setTableSchemas' is declared but its value is never read.
